// Jest Snapshot v1, https://goo.gl/fbAQLP

exports[`Test on AddCategory.js Test to match snapshot 1`] = `
<form
  onSubmit={[Function]}
>
  <p />
  <input
    onChange={[Function]}
    placeholder="Ingrese un valor"
    type="text"
    value=""
  />
</form>
`;
