// Jest Snapshot v1, https://goo.gl/fbAQLP

exports[`Test on GifGridItem.js Test snapshot match 1`] = `
<div
  className="card animate__animated animate__fadeIn"
>
  <img
    alt="This is a title"
    src="https://localhost/hola.jpg"
  />
  <p>
     
    This is a title
     
  </p>
</div>
`;
